============================= test session starts =============================
platform win32 -- Python 3.13.2, pytest-8.2.0, pluggy-1.6.0 -- C:\Python313\python.exe
cachedir: .pytest_cache
rootdir: D:\Job agent
plugins: anyio-4.9.0
collecting ... collected 12 items

tests/test_cover_letter.py::test_generates_without_error PASSED          [  8%]
tests/test_cover_letter.py::test_placeholders_replaced PASSED            [ 16%]
tests/test_cover_letter.py::test_custom_context PASSED                   [ 25%]
tests/test_cover_letter.py::test_preview_does_not_raise PASSED           [ 33%]
tests/test_database.py::test_log_application PASSED                      [ 41%]
tests/test_database.py::test_log_status_change PASSED                    [ 50%]
tests/test_database.py::test_multiple_applications PASSED                [ 58%]
tests/test_sheets.py::test_read_jobs_all PASSED                          [ 66%]
tests/test_sheets.py::test_read_jobs_filtered PASSED                     [ 75%]
tests/test_sheets.py::test_read_jobs_applied PASSED                      [ 83%]
tests/test_sheets.py::test_row_index_attached PASSED                     [ 91%]
tests/test_sheets.py::test_dry_run_skips_update PASSED                   [100%]

============================= 12 passed in 0.96s ==============================
